--- Testing Points System for testuser@ncnu.edu.tw ---
Success: Connection to the JoinUp database has been established successfully.
1. Testing Credit Point Award...
[Credit] Attempting to award 1 to testuser@ncnu.edu.tw
[Credit] Emails variations: testuser@ncnu.edu.tw,testuser@mail1.ncnu.edu.tw
[Credit] Updated DB. Awarded 1 pts to testuser@ncnu.edu.tw.
   - Credit Points: 1 (Expected: 1)
2. Testing Violation & Auto-Ban...
[Violation] Attempting to award 2 to testuser@ncnu.edu.tw for: Minor violation
[Violation] Inserting log...
node : [Violation] FAIL: 
Error
At line:1 char:1
+ node test_points.js > 
test_output.txt 2>&1
+ ~~~~~~~~~~~~~~~~~~~~~~~~~~
~~~~~~~~~~~~~~~~
    + CategoryInfo          
    : NotSpecified: ([Viol  
  ation] FAIL: Error:Stri   
 ng) [], RemoteException
    + FullyQualifiedErrorId 
    : NativeCommandError
 
    at Query.run (C:\Users\U
ser\OneDrive\Desktop\Joinup\
node_modules\sequelize\lib\d
ialects\mysql\query.js:52:25
)
    at C:\Users\User\OneDriv
e\Desktop\Joinup\node_module
s\sequelize\lib\sequelize.js
:315:28
    at process.processTicksA
ndRejections (node:internal/
process/task_queues:104:5)
    at async 
awardViolationPoint (C:\User
s\User\OneDrive\Desktop\Join
up\services\points_service.j
s:40:9)
    at async test (C:\Users\
User\OneDrive\Desktop\Joinup
\test_points.js:22:9) {
  name: 
'SequelizeDatabaseError',
  parent: Error: Unknown 
column 'type' in 'field 
list'
      at Packet.asError (C:\
Users\User\OneDrive\Desktop\
Joinup\node_modules\mysql2\l
ib\packets\packet.js:788:17)
      at Query.execute (C:\U
sers\User\OneDrive\Desktop\J
oinup\node_modules\mysql2\li
b\commands\command.js:29:26)
      at 
Connection.handlePacket (C:\
Users\User\OneDrive\Desktop\
Joinup\node_modules\mysql2\l
ib\base\connection.js:508:34
)
      at 
PacketParser.onPacket (C:\Us
ers\User\OneDrive\Desktop\Jo
inup\node_modules\mysql2\lib
\base\connection.js:93:12)
      at 
PacketParser.executeStart (C
:\Users\User\OneDrive\Deskto
p\Joinup\node_modules\mysql2
\lib\packet_parser.js:75:16)
      at 
TLSSocket.<anonymous> (C:\Us
ers\User\OneDrive\Desktop\Jo
inup\node_modules\mysql2\lib
\base\connection.js:395:25)
      at TLSSocket.emit 
(node:events:508:28)
      at addChunk (node:inte
rnal/streams/readable:563:12
)
      at readableAddChunkPus
hByteMode (node:internal/str
eams/readable:514:3)
      at Readable.push (node
:internal/streams/readable:3
94:5) {
    code: 
'ER_BAD_FIELD_ERROR',
    errno: 1054,
    sqlState: '42S22',
    sqlMessage: "Unknown 
column 'type' in 'field 
list'",
    sql: 'INSERT INTO 
violation_logs (id, 
user_email, points, type, 
reason, admin_email, 
created_at)\n' +
      "             VALUES 
(UUID(), 
'testuser@ncnu.edu.tw', 2, 
'automated', 'Minor 
violation', NULL, NOW())",
    parameters: undefined
  },
  original: Error: Unknown 
column 'type' in 'field 
list'
      at Packet.asError (C:\
Users\User\OneDrive\Desktop\
Joinup\node_modules\mysql2\l
ib\packets\packet.js:788:17)
      at Query.execute (C:\U
sers\User\OneDrive\Desktop\J
oinup\node_modules\mysql2\li
b\commands\command.js:29:26)
      at 
Connection.handlePacket (C:\
Users\User\OneDrive\Desktop\
Joinup\node_modules\mysql2\l
ib\base\connection.js:508:34
)
      at 
PacketParser.onPacket (C:\Us
ers\User\OneDrive\Desktop\Jo
inup\node_modules\mysql2\lib
\base\connection.js:93:12)
      at 
PacketParser.executeStart (C
:\Users\User\OneDrive\Deskto
p\Joinup\node_modules\mysql2
\lib\packet_parser.js:75:16)
      at 
TLSSocket.<anonymous> (C:\Us
ers\User\OneDrive\Desktop\Jo
inup\node_modules\mysql2\lib
\base\connection.js:395:25)
      at TLSSocket.emit 
(node:events:508:28)
      at addChunk (node:inte
rnal/streams/readable:563:12
)
      at readableAddChunkPus
hByteMode (node:internal/str
eams/readable:514:3)
      at Readable.push (node
:internal/streams/readable:3
94:5) {
    code: 
'ER_BAD_FIELD_ERROR',
    errno: 1054,
    sqlState: '42S22',
    sqlMessage: "Unknown 
column 'type' in 'field 
list'",
    sql: 'INSERT INTO 
violation_logs (id, 
user_email, points, type, 
reason, admin_email, 
created_at)\n' +
      "             VALUES 
(UUID(), 
'testuser@ncnu.edu.tw', 2, 
'automated', 'Minor 
violation', NULL, NOW())",
    parameters: undefined
  },
  sql: 'INSERT INTO 
violation_logs (id, 
user_email, points, type, 
reason, admin_email, 
created_at)\n' +
    "             VALUES 
(UUID(), 
'testuser@ncnu.edu.tw', 2, 
'automated', 'Minor 
violation', NULL, NOW())",
  parameters: {}
}
   - Violation Points: 0 (Expected: 2)
   - Status: active (Expected: active)
[Violation] Attempting to award 1 to testuser@ncnu.edu.tw for: Third violation
[Violation] Inserting log...
[Violation] FAIL: Error
    at Query.run (C:\Users\U
ser\OneDrive\Desktop\Joinup\
node_modules\sequelize\lib\d
ialects\mysql\query.js:52:25
)
    at C:\Users\User\OneDriv
e\Desktop\Joinup\node_module
s\sequelize\lib\sequelize.js
:315:28
    at process.processTicksA
ndRejections (node:internal/
process/task_queues:104:5)
    at async 
awardViolationPoint (C:\User
s\User\OneDrive\Desktop\Join
up\services\points_service.j
s:40:9)
    at async test (C:\Users\
User\OneDrive\Desktop\Joinup
\test_points.js:27:9) {
  name: 
'SequelizeDatabaseError',
  parent: Error: Unknown 
column 'type' in 'field 
list'
      at Packet.asError (C:\
Users\User\OneDrive\Desktop\
Joinup\node_modules\mysql2\l
ib\packets\packet.js:788:17)
      at Query.execute (C:\U
sers\User\OneDrive\Desktop\J
oinup\node_modules\mysql2\li
b\commands\command.js:29:26)
      at 
Connection.handlePacket (C:\
Users\User\OneDrive\Desktop\
Joinup\node_modules\mysql2\l
ib\base\connection.js:508:34
)
      at 
PacketParser.onPacket (C:\Us
ers\User\OneDrive\Desktop\Jo
inup\node_modules\mysql2\lib
\base\connection.js:93:12)
      at 
PacketParser.executeStart (C
:\Users\User\OneDrive\Deskto
p\Joinup\node_modules\mysql2
\lib\packet_parser.js:75:16)
      at 
TLSSocket.<anonymous> (C:\Us
ers\User\OneDrive\Desktop\Jo
inup\node_modules\mysql2\lib
\base\connection.js:395:25)
      at TLSSocket.emit 
(node:events:508:28)
      at addChunk (node:inte
rnal/streams/readable:563:12
)
      at readableAddChunkPus
hByteMode (node:internal/str
eams/readable:514:3)
      at Readable.push (node
:internal/streams/readable:3
94:5) {
    code: 
'ER_BAD_FIELD_ERROR',
    errno: 1054,
    sqlState: '42S22',
    sqlMessage: "Unknown 
column 'type' in 'field 
list'",
    sql: 'INSERT INTO 
violation_logs (id, 
user_email, points, type, 
reason, admin_email, 
created_at)\n' +
      "             VALUES 
(UUID(), 
'testuser@ncnu.edu.tw', 1, 
'automated', 'Third 
violation', NULL, NOW())",
    parameters: undefined
  },
  original: Error: Unknown 
column 'type' in 'field 
list'
      at Packet.asError (C:\
Users\User\OneDrive\Desktop\
Joinup\node_modules\mysql2\l
ib\packets\packet.js:788:17)
      at Query.execute (C:\U
sers\User\OneDrive\Desktop\J
oinup\node_modules\mysql2\li
b\commands\command.js:29:26)
      at 
Connection.handlePacket (C:\
Users\User\OneDrive\Desktop\
Joinup\node_modules\mysql2\l
ib\base\connection.js:508:34
)
      at 
PacketParser.onPacket (C:\Us
ers\User\OneDrive\Desktop\Jo
inup\node_modules\mysql2\lib
\base\connection.js:93:12)
      at 
PacketParser.executeStart (C
:\Users\User\OneDrive\Deskto
p\Joinup\node_modules\mysql2
\lib\packet_parser.js:75:16)
      at 
TLSSocket.<anonymous> (C:\Us
ers\User\OneDrive\Desktop\Jo
inup\node_modules\mysql2\lib
\base\connection.js:395:25)
      at TLSSocket.emit 
(node:events:508:28)
      at addChunk (node:inte
rnal/streams/readable:563:12
)
      at readableAddChunkPus
hByteMode (node:internal/str
eams/readable:514:3)
      at Readable.push (node
:internal/streams/readable:3
94:5) {
    code: 
'ER_BAD_FIELD_ERROR',
    errno: 1054,
    sqlState: '42S22',
    sqlMessage: "Unknown 
column 'type' in 'field 
list'",
    sql: 'INSERT INTO 
violation_logs (id, 
user_email, points, type, 
reason, admin_email, 
created_at)\n' +
      "             VALUES 
(UUID(), 
'testuser@ncnu.edu.tw', 1, 
'automated', 'Third 
violation', NULL, NOW())",
    parameters: undefined
  },
  sql: 'INSERT INTO 
violation_logs (id, 
user_email, points, type, 
reason, admin_email, 
created_at)\n' +
    "             VALUES 
(UUID(), 
'testuser@ncnu.edu.tw', 1, 
'automated', 'Third 
violation', NULL, NOW())",
  parameters: {}
}
   - Violation Points: 0 (Expected: 3)
   - Status: active (Expected: suspended)
3. Testing Violation Logs...
   - Total Logs in violation_logs table: 0
   - Logs found for testuser@ncnu.edu.tw: 0 (Expected: 2)
--- Test Completed ---
